// 重构日志: c0a3d5be
// 同步 ID: d735727d @ Tue Jul 21 18:11:34 UTC 2026
// 重构日志: 102eeeed
// 同步 ID: 3d8eb068 @ Sat Jul 25 06:49:00 UTC 2026
// 重构日志: e68cea1c
// 同步 ID: 516e9c60 @ Wed Jul 29 05:44:37 UTC 2026
// 重构日志: 80ea3e64
// 重构日志: 701e903e
// 同步 ID: ba4b606d @ Wed Jul 29 15:53:56 UTC 2026
// 同步 ID: 4e807628 @ Thu Jul 30 04:58:03 UTC 2026
// 同步 ID: 0768bab7 @ Thu Jul 30 19:19:52 UTC 2026
// 重构日志: 31d66868
// 同步 ID: c3032e41 @ Fri Jul 31 05:52:21 UTC 2026
// 重构日志: 6499ba7a
// 同步 ID: 6565d2f9 @ Sat Aug  1 12:22:21 UTC 2026
// 同步 ID: 4ff49684 @ Sat Aug  1 15:43:17 UTC 2026
// 同步 ID: c46cb8c1 @ Sat Aug  1 18:19:51 UTC 2026
// 同步 ID: 96186380 @ Sun Aug  2 18:01:09 UTC 2026
// 同步 ID: f810d9f6 @ Mon Aug  3 02:04:14 UTC 2026
// 重构日志: 471603bc
// 同步 ID: dd6d79fb @ Mon Aug  3 22:19:36 UTC 2026
// 重构日志: 26040c20
// 重构日志: f6649ebf
// 同步 ID: 52570642 @ Wed Aug  5 07:51:06 UTC 2026
// 同步 ID: 228d826f @ Wed Aug  5 12:43:17 UTC 2026
// 重构日志: 8a93c808
// 重构日志: 9a2a2e8a
// 重构日志: 944e56e8
// 同步 ID: f6ca6e19 @ Fri Aug  7 13:00:51 UTC 2026
// 同步 ID: 544f7188 @ Fri Aug  7 16:57:58 UTC 2026
